// Jest Snapshot v1, https://goo.gl/fbAQLP

exports[`App will match snapshot 1`] = `
Object {
  "asFragment": [Function],
  "baseElement": <body>
    <div>
      <div>
        <div
          class="d-flex justify-content-center login-wrapper bg-grey text-dark p-5 text-center text-sm-start"
        >
          <div
            class="Container"
          >
            <div
              class="d-sm-flex justify-content-between"
            >
              <div
                class="Auth-form-containe"
              >
                <form
                  class="Auth-form"
                >
                  <div
                    class="Auth-form-content"
                  >
                    <h3
                      class="Auth-form-title"
                    >
                      Sign In
                    </h3>
                    <div
                      class="form-group mt-3"
                    >
                      <label>
                        Username
                      </label>
                      <input
                        autocomplete="on"
                        class="form-control mt-1"
                        data-testid="username"
                        placeholder="Enter username"
                        type="text"
                        value="hoangbui"
                      />
                    </div>
                    <div
                      class="form-group mt-3"
                    >
                      <label>
                        Password
                      </label>
                      <input
                        autocomplete="on"
                        class="form-control mt-1"
                        data-testid="password"
                        name="email"
                        placeholder="Enter password"
                        type="password"
                        value="password123"
                      />
                    </div>
                    <div
                      class="d-grid gap-2 mt-3"
                    >
                      <button
                        class="btn btn-primary bg-dark btn btn-primary"
                        data-testid="submitButton"
                        type="submit"
                      >
                        Submit
                      </button>
                    </div>
                    <p
                      class="forgot-password text-right mt-2"
                    >
                      Forgot 
                      <a
                        href="#"
                      >
                        password?
                      </a>
                    </p>
                  </div>
                </form>
              </div>
            </div>
          </div>
        </div>
        <div>
          <footer
            class="bgg"
          >
            <div
              class="footer-contents container"
            >
              <div>
                <a
                  class="childs nav-link"
                  href="/"
                >
                  Home
                </a>
                <a
                  class="childs nav-link"
                  href="/leaderboard"
                >
                  Leaderboard
                </a>
                <a
                  class="childs nav-link"
                  href="/addPoll"
                >
                  New
                </a>
                <a
                  class="childs nav-link"
                  href="/FAQs"
                >
                  FAQs
                </a>
                <a
                  class="childs nav-link"
                  href="/addPoll"
                >
                  About
                </a>
              </div>
              <hr />
              <div>
                © 2024 Hoang Bui Company, Inc
              </div>
            </div>
          </footer>
        </div>
      </div>
    </div>
  </body>,
  "container": <div>
    <div>
      <div
        class="d-flex justify-content-center login-wrapper bg-grey text-dark p-5 text-center text-sm-start"
      >
        <div
          class="Container"
        >
          <div
            class="d-sm-flex justify-content-between"
          >
            <div
              class="Auth-form-containe"
            >
              <form
                class="Auth-form"
              >
                <div
                  class="Auth-form-content"
                >
                  <h3
                    class="Auth-form-title"
                  >
                    Sign In
                  </h3>
                  <div
                    class="form-group mt-3"
                  >
                    <label>
                      Username
                    </label>
                    <input
                      autocomplete="on"
                      class="form-control mt-1"
                      data-testid="username"
                      placeholder="Enter username"
                      type="text"
                      value="hoangbui"
                    />
                  </div>
                  <div
                    class="form-group mt-3"
                  >
                    <label>
                      Password
                    </label>
                    <input
                      autocomplete="on"
                      class="form-control mt-1"
                      data-testid="password"
                      name="email"
                      placeholder="Enter password"
                      type="password"
                      value="password123"
                    />
                  </div>
                  <div
                    class="d-grid gap-2 mt-3"
                  >
                    <button
                      class="btn btn-primary bg-dark btn btn-primary"
                      data-testid="submitButton"
                      type="submit"
                    >
                      Submit
                    </button>
                  </div>
                  <p
                    class="forgot-password text-right mt-2"
                  >
                    Forgot 
                    <a
                      href="#"
                    >
                      password?
                    </a>
                  </p>
                </div>
              </form>
            </div>
          </div>
        </div>
      </div>
      <div>
        <footer
          class="bgg"
        >
          <div
            class="footer-contents container"
          >
            <div>
              <a
                class="childs nav-link"
                href="/"
              >
                Home
              </a>
              <a
                class="childs nav-link"
                href="/leaderboard"
              >
                Leaderboard
              </a>
              <a
                class="childs nav-link"
                href="/addPoll"
              >
                New
              </a>
              <a
                class="childs nav-link"
                href="/FAQs"
              >
                FAQs
              </a>
              <a
                class="childs nav-link"
                href="/addPoll"
              >
                About
              </a>
            </div>
            <hr />
            <div>
              © 2024 Hoang Bui Company, Inc
            </div>
          </div>
        </footer>
      </div>
    </div>
  </div>,
  "debug": [Function],
  "findAllByAltText": [Function],
  "findAllByDisplayValue": [Function],
  "findAllByLabelText": [Function],
  "findAllByPlaceholderText": [Function],
  "findAllByRole": [Function],
  "findAllByTestId": [Function],
  "findAllByText": [Function],
  "findAllByTitle": [Function],
  "findByAltText": [Function],
  "findByDisplayValue": [Function],
  "findByLabelText": [Function],
  "findByPlaceholderText": [Function],
  "findByRole": [Function],
  "findByTestId": [Function],
  "findByText": [Function],
  "findByTitle": [Function],
  "getAllByAltText": [Function],
  "getAllByDisplayValue": [Function],
  "getAllByLabelText": [Function],
  "getAllByPlaceholderText": [Function],
  "getAllByRole": [Function],
  "getAllByTestId": [Function],
  "getAllByText": [Function],
  "getAllByTitle": [Function],
  "getByAltText": [Function],
  "getByDisplayValue": [Function],
  "getByLabelText": [Function],
  "getByPlaceholderText": [Function],
  "getByRole": [Function],
  "getByTestId": [Function],
  "getByText": [Function],
  "getByTitle": [Function],
  "queryAllByAltText": [Function],
  "queryAllByDisplayValue": [Function],
  "queryAllByLabelText": [Function],
  "queryAllByPlaceholderText": [Function],
  "queryAllByRole": [Function],
  "queryAllByTestId": [Function],
  "queryAllByText": [Function],
  "queryAllByTitle": [Function],
  "queryByAltText": [Function],
  "queryByDisplayValue": [Function],
  "queryByLabelText": [Function],
  "queryByPlaceholderText": [Function],
  "queryByRole": [Function],
  "queryByTestId": [Function],
  "queryByText": [Function],
  "queryByTitle": [Function],
  "rerender": [Function],
  "unmount": [Function],
}
`;
