// Jest Snapshot v1, https://goo.gl/fbAQLP

exports[`NewPoll Render init NewPoll component 1`] = `
Object {
  "asFragment": [Function],
  "baseElement": <body>
    <div>
      <div>
        <h1
          class="text-3xl font-bold mt-9 text-center"
        >
          Would You Rather
        </h1>
        <h3
          class="text-1xl mt-9 text-center"
        >
          Create Your Own Poll
        </h3>
        <form
          class="bg-white shadow-md rounded px-8 pt-6 pb-8 mb-4"
        >
          <div
            class="mb-4"
          >
            <label
              class="block text-gray-700 text-sm font-bold mb-2"
              data-testid="firstLabel"
              for="firstOption"
            >
              First Option
            </label>
            <input
              class="shadow appearance-none border rounded w-full py-2 px-3 text-gray-700 leading-tight focus:outline-none focus:shadow-outline"
              data-testid="firstOption"
              id="firstOption"
              name="firstOption"
              placeholder="First Option"
              type="text"
              value=""
            />
          </div>
          <div
            class="mb-6"
          >
            <label
              class="block text-gray-700 text-sm font-bold mb-2"
              data-testid="secondLabel"
              for="secondOption"
            >
              Second Option
            </label>
            <input
              class="shadow appearance-none border rounded w-full py-2 px-3 text-gray-700 leading-tight focus:outline-none focus:shadow-outline"
              data-testid="secondOption"
              id="secondOption"
              name="secondOption"
              placeholder="Second Option"
              type="text"
              value=""
            />
          </div>
          <div
            class="flex items-center justify-between"
          >
            <button
              class="bg-blue-500 hover:bg-blue-700 text-white font-bold py-2 px-4 rounded focus:outline-none focus:shadow-outline"
              data-testid="submit-poll"
              type="submit"
            >
              Submit
            </button>
          </div>
        </form>
      </div>
    </div>
  </body>,
  "container": <div>
    <div>
      <h1
        class="text-3xl font-bold mt-9 text-center"
      >
        Would You Rather
      </h1>
      <h3
        class="text-1xl mt-9 text-center"
      >
        Create Your Own Poll
      </h3>
      <form
        class="bg-white shadow-md rounded px-8 pt-6 pb-8 mb-4"
      >
        <div
          class="mb-4"
        >
          <label
            class="block text-gray-700 text-sm font-bold mb-2"
            data-testid="firstLabel"
            for="firstOption"
          >
            First Option
          </label>
          <input
            class="shadow appearance-none border rounded w-full py-2 px-3 text-gray-700 leading-tight focus:outline-none focus:shadow-outline"
            data-testid="firstOption"
            id="firstOption"
            name="firstOption"
            placeholder="First Option"
            type="text"
            value=""
          />
        </div>
        <div
          class="mb-6"
        >
          <label
            class="block text-gray-700 text-sm font-bold mb-2"
            data-testid="secondLabel"
            for="secondOption"
          >
            Second Option
          </label>
          <input
            class="shadow appearance-none border rounded w-full py-2 px-3 text-gray-700 leading-tight focus:outline-none focus:shadow-outline"
            data-testid="secondOption"
            id="secondOption"
            name="secondOption"
            placeholder="Second Option"
            type="text"
            value=""
          />
        </div>
        <div
          class="flex items-center justify-between"
        >
          <button
            class="bg-blue-500 hover:bg-blue-700 text-white font-bold py-2 px-4 rounded focus:outline-none focus:shadow-outline"
            data-testid="submit-poll"
            type="submit"
          >
            Submit
          </button>
        </div>
      </form>
    </div>
  </div>,
  "debug": [Function],
  "findAllByAltText": [Function],
  "findAllByDisplayValue": [Function],
  "findAllByLabelText": [Function],
  "findAllByPlaceholderText": [Function],
  "findAllByRole": [Function],
  "findAllByTestId": [Function],
  "findAllByText": [Function],
  "findAllByTitle": [Function],
  "findByAltText": [Function],
  "findByDisplayValue": [Function],
  "findByLabelText": [Function],
  "findByPlaceholderText": [Function],
  "findByRole": [Function],
  "findByTestId": [Function],
  "findByText": [Function],
  "findByTitle": [Function],
  "getAllByAltText": [Function],
  "getAllByDisplayValue": [Function],
  "getAllByLabelText": [Function],
  "getAllByPlaceholderText": [Function],
  "getAllByRole": [Function],
  "getAllByTestId": [Function],
  "getAllByText": [Function],
  "getAllByTitle": [Function],
  "getByAltText": [Function],
  "getByDisplayValue": [Function],
  "getByLabelText": [Function],
  "getByPlaceholderText": [Function],
  "getByRole": [Function],
  "getByTestId": [Function],
  "getByText": [Function],
  "getByTitle": [Function],
  "queryAllByAltText": [Function],
  "queryAllByDisplayValue": [Function],
  "queryAllByLabelText": [Function],
  "queryAllByPlaceholderText": [Function],
  "queryAllByRole": [Function],
  "queryAllByTestId": [Function],
  "queryAllByText": [Function],
  "queryAllByTitle": [Function],
  "queryByAltText": [Function],
  "queryByDisplayValue": [Function],
  "queryByLabelText": [Function],
  "queryByPlaceholderText": [Function],
  "queryByRole": [Function],
  "queryByTestId": [Function],
  "queryByText": [Function],
  "queryByTitle": [Function],
  "rerender": [Function],
  "unmount": [Function],
}
`;
