// Jest Snapshot v1, https://goo.gl/fbAQLP

exports[`App Render app component 1`] = `
Object {
  "asFragment": [Function],
  "baseElement": <body>
    <div>
      <div
        class="flex flex-col h-screen"
      >
        <div
          class="h-screen overflow-hidden flex items-center justify-center"
        >
          <div
            class="bg-white lg:w-6/12 md:7/12 w-8/12 shadow-3xl rounded-xl"
          >
            <div
              class="absolute left-1/2 transform -translate-x-1/2 -translate-y-1/2 p-4 md:p-8"
            >
              <h1
                class="text-3xl font-bold mt-9"
                data-testid="login-heading"
              >
                Login
              </h1>
            </div>
            <form
              class="p-12 md:p-24"
            >
              <div
                class="flex items-center text-lg mb-6 md:mb-8"
              >
                <svg
                  class="absolute ml-3"
                  viewBox="0 0 24 24"
                  width="24"
                >
                  <path
                    d="M20.822 18.096c-3.439-.794-6.64-1.49-5.09-4.418 4.72-8.912 1.251-13.678-3.732-13.678-5.082 0-8.464 4.949-3.732 13.678 1.597 2.945-1.725 3.641-5.09 4.418-3.073.71-3.188 2.236-3.178 4.904l.004 1h23.99l.004-.969c.012-2.688-.092-4.222-3.176-4.935z"
                  />
                </svg>
                <input
                  class="bg-gray-200 rounded pl-12 py-2 md:py-4 focus:outline-none w-full"
                  data-testid="username"
                  id="username"
                  name="username"
                  placeholder="Username"
                  type="text"
                  value="tylermcginnis"
                />
              </div>
              <div
                class="flex items-center text-lg mb-6 md:mb-8"
              >
                <svg
                  class="absolute ml-3"
                  viewBox="0 0 24 24"
                  width="24"
                >
                  <path
                    d="m18.75 9h-.75v-3c0-3.309-2.691-6-6-6s-6 2.691-6 6v3h-.75c-1.24 0-2.25 1.009-2.25 2.25v10.5c0 1.241 1.01 2.25 2.25 2.25h13.5c1.24 0 2.25-1.009 2.25-2.25v-10.5c0-1.241-1.01-2.25-2.25-2.25zm-10.75-3c0-2.206 1.794-4 4-4s4 1.794 4 4v3h-8zm5 10.722v2.278c0 .552-.447 1-1 1s-1-.448-1-1v-2.278c-.595-.347-1-.985-1-1.722 0-1.103.897-2 2-2s2 .897 2 2c0 .737-.405 1.375-1 1.722z"
                  />
                </svg>
                <input
                  class="bg-gray-200 rounded pl-12 py-2 md:py-4 focus:outline-none w-full"
                  data-testid="password"
                  id="password"
                  name="password"
                  placeholder="Password"
                  type="password"
                  value="11112222"
                />
              </div>
              <button
                class="bg-gradient-to-b from-gray-700 to-gray-900 font-medium p-2 md:p-4 text-white uppercase w-full rounded"
                data-testid="loginBtn"
                type="submit"
              >
                Login
              </button>
            </form>
          </div>
        </div>
        <div
          class="bg-teal-500 sticky top-[100vh] h-10 content-center"
        >
          <p
            class="text-center text-white-500 text-xs "
          >
            ©2024 Bui Quang Hoang. All rights reserved.
          </p>
        </div>
      </div>
    </div>
  </body>,
  "container": <div>
    <div
      class="flex flex-col h-screen"
    >
      <div
        class="h-screen overflow-hidden flex items-center justify-center"
      >
        <div
          class="bg-white lg:w-6/12 md:7/12 w-8/12 shadow-3xl rounded-xl"
        >
          <div
            class="absolute left-1/2 transform -translate-x-1/2 -translate-y-1/2 p-4 md:p-8"
          >
            <h1
              class="text-3xl font-bold mt-9"
              data-testid="login-heading"
            >
              Login
            </h1>
          </div>
          <form
            class="p-12 md:p-24"
          >
            <div
              class="flex items-center text-lg mb-6 md:mb-8"
            >
              <svg
                class="absolute ml-3"
                viewBox="0 0 24 24"
                width="24"
              >
                <path
                  d="M20.822 18.096c-3.439-.794-6.64-1.49-5.09-4.418 4.72-8.912 1.251-13.678-3.732-13.678-5.082 0-8.464 4.949-3.732 13.678 1.597 2.945-1.725 3.641-5.09 4.418-3.073.71-3.188 2.236-3.178 4.904l.004 1h23.99l.004-.969c.012-2.688-.092-4.222-3.176-4.935z"
                />
              </svg>
              <input
                class="bg-gray-200 rounded pl-12 py-2 md:py-4 focus:outline-none w-full"
                data-testid="username"
                id="username"
                name="username"
                placeholder="Username"
                type="text"
                value="tylermcginnis"
              />
            </div>
            <div
              class="flex items-center text-lg mb-6 md:mb-8"
            >
              <svg
                class="absolute ml-3"
                viewBox="0 0 24 24"
                width="24"
              >
                <path
                  d="m18.75 9h-.75v-3c0-3.309-2.691-6-6-6s-6 2.691-6 6v3h-.75c-1.24 0-2.25 1.009-2.25 2.25v10.5c0 1.241 1.01 2.25 2.25 2.25h13.5c1.24 0 2.25-1.009 2.25-2.25v-10.5c0-1.241-1.01-2.25-2.25-2.25zm-10.75-3c0-2.206 1.794-4 4-4s4 1.794 4 4v3h-8zm5 10.722v2.278c0 .552-.447 1-1 1s-1-.448-1-1v-2.278c-.595-.347-1-.985-1-1.722 0-1.103.897-2 2-2s2 .897 2 2c0 .737-.405 1.375-1 1.722z"
                />
              </svg>
              <input
                class="bg-gray-200 rounded pl-12 py-2 md:py-4 focus:outline-none w-full"
                data-testid="password"
                id="password"
                name="password"
                placeholder="Password"
                type="password"
                value="11112222"
              />
            </div>
            <button
              class="bg-gradient-to-b from-gray-700 to-gray-900 font-medium p-2 md:p-4 text-white uppercase w-full rounded"
              data-testid="loginBtn"
              type="submit"
            >
              Login
            </button>
          </form>
        </div>
      </div>
      <div
        class="bg-teal-500 sticky top-[100vh] h-10 content-center"
      >
        <p
          class="text-center text-white-500 text-xs "
        >
          ©2024 Bui Quang Hoang. All rights reserved.
        </p>
      </div>
    </div>
  </div>,
  "debug": [Function],
  "findAllByAltText": [Function],
  "findAllByDisplayValue": [Function],
  "findAllByLabelText": [Function],
  "findAllByPlaceholderText": [Function],
  "findAllByRole": [Function],
  "findAllByTestId": [Function],
  "findAllByText": [Function],
  "findAllByTitle": [Function],
  "findByAltText": [Function],
  "findByDisplayValue": [Function],
  "findByLabelText": [Function],
  "findByPlaceholderText": [Function],
  "findByRole": [Function],
  "findByTestId": [Function],
  "findByText": [Function],
  "findByTitle": [Function],
  "getAllByAltText": [Function],
  "getAllByDisplayValue": [Function],
  "getAllByLabelText": [Function],
  "getAllByPlaceholderText": [Function],
  "getAllByRole": [Function],
  "getAllByTestId": [Function],
  "getAllByText": [Function],
  "getAllByTitle": [Function],
  "getByAltText": [Function],
  "getByDisplayValue": [Function],
  "getByLabelText": [Function],
  "getByPlaceholderText": [Function],
  "getByRole": [Function],
  "getByTestId": [Function],
  "getByText": [Function],
  "getByTitle": [Function],
  "queryAllByAltText": [Function],
  "queryAllByDisplayValue": [Function],
  "queryAllByLabelText": [Function],
  "queryAllByPlaceholderText": [Function],
  "queryAllByRole": [Function],
  "queryAllByTestId": [Function],
  "queryAllByText": [Function],
  "queryAllByTitle": [Function],
  "queryByAltText": [Function],
  "queryByDisplayValue": [Function],
  "queryByLabelText": [Function],
  "queryByPlaceholderText": [Function],
  "queryByRole": [Function],
  "queryByTestId": [Function],
  "queryByText": [Function],
  "queryByTitle": [Function],
  "rerender": [Function],
  "unmount": [Function],
}
`;
